[2025-11-21T20:06:22.288+0000] {processor.py:161} INFO - Started process (PID=29) to work on /opt/airflow/dags/hello_dag.py
[2025-11-21T20:06:22.288+0000] {processor.py:830} INFO - Processing file /opt/airflow/dags/hello_dag.py for tasks to queue
[2025-11-21T20:06:22.290+0000] {logging_mixin.py:188} INFO - [2025-11-21T20:06:22.289+0000] {dagbag.py:540} INFO - Filling up the DagBag from /opt/airflow/dags/hello_dag.py
[2025-11-21T20:06:22.322+0000] {processor.py:840} INFO - DAG(s) 'hello_dag' retrieved from /opt/airflow/dags/hello_dag.py
[2025-11-21T20:06:22.591+0000] {logging_mixin.py:188} INFO - [2025-11-21T20:06:22.590+0000] {override.py:1829} INFO - Created Permission View: can read on DAG:hello_dag
[2025-11-21T20:06:22.599+0000] {logging_mixin.py:188} INFO - [2025-11-21T20:06:22.599+0000] {override.py:1829} INFO - Created Permission View: can edit on DAG:hello_dag
[2025-11-21T20:06:22.607+0000] {logging_mixin.py:188} INFO - [2025-11-21T20:06:22.607+0000] {override.py:1829} INFO - Created Permission View: can delete on DAG:hello_dag
[2025-11-21T20:06:22.607+0000] {logging_mixin.py:188} INFO - [2025-11-21T20:06:22.607+0000] {dag.py:3096} INFO - Sync 1 DAGs
[2025-11-21T20:06:22.616+0000] {logging_mixin.py:188} INFO - [2025-11-21T20:06:22.616+0000] {dag.py:3118} INFO - Creating ORM DAG for hello_dag
[2025-11-21T20:06:22.624+0000] {logging_mixin.py:188} INFO - [2025-11-21T20:06:22.624+0000] {dag.py:3954} INFO - Setting next_dagrun for hello_dag to 2025-11-20 00:00:00+00:00, run_after=2025-11-21 00:00:00+00:00
[2025-11-21T20:06:22.640+0000] {processor.py:183} INFO - Processing /opt/airflow/dags/hello_dag.py took 0.357 seconds
[2025-11-21T20:06:52.705+0000] {processor.py:161} INFO - Started process (PID=31) to work on /opt/airflow/dags/hello_dag.py
[2025-11-21T20:06:52.706+0000] {processor.py:830} INFO - Processing file /opt/airflow/dags/hello_dag.py for tasks to queue
[2025-11-21T20:06:52.709+0000] {logging_mixin.py:188} INFO - [2025-11-21T20:06:52.709+0000] {dagbag.py:540} INFO - Filling up the DagBag from /opt/airflow/dags/hello_dag.py
[2025-11-21T20:06:52.722+0000] {processor.py:840} INFO - DAG(s) 'hello_dag' retrieved from /opt/airflow/dags/hello_dag.py
[2025-11-21T20:06:52.761+0000] {logging_mixin.py:188} INFO - [2025-11-21T20:06:52.761+0000] {dag.py:3096} INFO - Sync 1 DAGs
[2025-11-21T20:06:52.784+0000] {logging_mixin.py:188} INFO - [2025-11-21T20:06:52.784+0000] {dag.py:3954} INFO - Setting next_dagrun for hello_dag to 2025-11-20 00:00:00+00:00, run_after=2025-11-21 00:00:00+00:00
[2025-11-21T20:06:52.800+0000] {processor.py:183} INFO - Processing /opt/airflow/dags/hello_dag.py took 0.101 seconds
[2025-11-21T20:07:22.963+0000] {processor.py:161} INFO - Started process (PID=33) to work on /opt/airflow/dags/hello_dag.py
[2025-11-21T20:07:22.964+0000] {processor.py:830} INFO - Processing file /opt/airflow/dags/hello_dag.py for tasks to queue
[2025-11-21T20:07:22.966+0000] {logging_mixin.py:188} INFO - [2025-11-21T20:07:22.965+0000] {dagbag.py:540} INFO - Filling up the DagBag from /opt/airflow/dags/hello_dag.py
[2025-11-21T20:07:22.974+0000] {processor.py:840} INFO - DAG(s) 'hello_dag' retrieved from /opt/airflow/dags/hello_dag.py
[2025-11-21T20:07:22.991+0000] {logging_mixin.py:188} INFO - [2025-11-21T20:07:22.991+0000] {dag.py:3096} INFO - Sync 1 DAGs
[2025-11-21T20:07:23.015+0000] {logging_mixin.py:188} INFO - [2025-11-21T20:07:23.015+0000] {dag.py:3954} INFO - Setting next_dagrun for hello_dag to 2025-11-20 00:00:00+00:00, run_after=2025-11-21 00:00:00+00:00
[2025-11-21T20:07:23.032+0000] {processor.py:183} INFO - Processing /opt/airflow/dags/hello_dag.py took 0.074 seconds
[2025-11-21T20:07:53.126+0000] {processor.py:161} INFO - Started process (PID=35) to work on /opt/airflow/dags/hello_dag.py
[2025-11-21T20:07:53.127+0000] {processor.py:830} INFO - Processing file /opt/airflow/dags/hello_dag.py for tasks to queue
[2025-11-21T20:07:53.129+0000] {logging_mixin.py:188} INFO - [2025-11-21T20:07:53.128+0000] {dagbag.py:540} INFO - Filling up the DagBag from /opt/airflow/dags/hello_dag.py
[2025-11-21T20:07:53.139+0000] {processor.py:840} INFO - DAG(s) 'hello_dag' retrieved from /opt/airflow/dags/hello_dag.py
[2025-11-21T20:07:53.156+0000] {logging_mixin.py:188} INFO - [2025-11-21T20:07:53.156+0000] {dag.py:3096} INFO - Sync 1 DAGs
[2025-11-21T20:07:53.172+0000] {logging_mixin.py:188} INFO - [2025-11-21T20:07:53.172+0000] {dag.py:3954} INFO - Setting next_dagrun for hello_dag to 2025-11-20 00:00:00+00:00, run_after=2025-11-21 00:00:00+00:00
[2025-11-21T20:07:53.188+0000] {processor.py:183} INFO - Processing /opt/airflow/dags/hello_dag.py took 0.069 seconds
[2025-11-21T20:08:23.284+0000] {processor.py:161} INFO - Started process (PID=37) to work on /opt/airflow/dags/hello_dag.py
[2025-11-21T20:08:23.285+0000] {processor.py:830} INFO - Processing file /opt/airflow/dags/hello_dag.py for tasks to queue
[2025-11-21T20:08:23.286+0000] {logging_mixin.py:188} INFO - [2025-11-21T20:08:23.286+0000] {dagbag.py:540} INFO - Filling up the DagBag from /opt/airflow/dags/hello_dag.py
[2025-11-21T20:08:23.295+0000] {processor.py:840} INFO - DAG(s) 'hello_dag' retrieved from /opt/airflow/dags/hello_dag.py
[2025-11-21T20:08:23.313+0000] {logging_mixin.py:188} INFO - [2025-11-21T20:08:23.313+0000] {dag.py:3096} INFO - Sync 1 DAGs
[2025-11-21T20:08:23.330+0000] {logging_mixin.py:188} INFO - [2025-11-21T20:08:23.329+0000] {dag.py:3954} INFO - Setting next_dagrun for hello_dag to 2025-11-20 00:00:00+00:00, run_after=2025-11-21 00:00:00+00:00
[2025-11-21T20:08:23.347+0000] {processor.py:183} INFO - Processing /opt/airflow/dags/hello_dag.py took 0.068 seconds
[2025-11-21T20:08:53.442+0000] {processor.py:161} INFO - Started process (PID=39) to work on /opt/airflow/dags/hello_dag.py
[2025-11-21T20:08:53.443+0000] {processor.py:830} INFO - Processing file /opt/airflow/dags/hello_dag.py for tasks to queue
[2025-11-21T20:08:53.445+0000] {logging_mixin.py:188} INFO - [2025-11-21T20:08:53.445+0000] {dagbag.py:540} INFO - Filling up the DagBag from /opt/airflow/dags/hello_dag.py
[2025-11-21T20:08:53.453+0000] {processor.py:840} INFO - DAG(s) 'hello_dag' retrieved from /opt/airflow/dags/hello_dag.py
[2025-11-21T20:08:53.471+0000] {logging_mixin.py:188} INFO - [2025-11-21T20:08:53.471+0000] {dag.py:3096} INFO - Sync 1 DAGs
[2025-11-21T20:08:53.488+0000] {logging_mixin.py:188} INFO - [2025-11-21T20:08:53.488+0000] {dag.py:3954} INFO - Setting next_dagrun for hello_dag to 2025-11-20 00:00:00+00:00, run_after=2025-11-21 00:00:00+00:00
[2025-11-21T20:08:53.510+0000] {processor.py:183} INFO - Processing /opt/airflow/dags/hello_dag.py took 0.073 seconds
[2025-11-21T20:09:23.601+0000] {processor.py:161} INFO - Started process (PID=41) to work on /opt/airflow/dags/hello_dag.py
[2025-11-21T20:09:23.602+0000] {processor.py:830} INFO - Processing file /opt/airflow/dags/hello_dag.py for tasks to queue
[2025-11-21T20:09:23.604+0000] {logging_mixin.py:188} INFO - [2025-11-21T20:09:23.603+0000] {dagbag.py:540} INFO - Filling up the DagBag from /opt/airflow/dags/hello_dag.py
[2025-11-21T20:09:23.613+0000] {processor.py:840} INFO - DAG(s) 'hello_dag' retrieved from /opt/airflow/dags/hello_dag.py
[2025-11-21T20:09:23.631+0000] {logging_mixin.py:188} INFO - [2025-11-21T20:09:23.630+0000] {dag.py:3096} INFO - Sync 1 DAGs
[2025-11-21T20:09:23.648+0000] {logging_mixin.py:188} INFO - [2025-11-21T20:09:23.648+0000] {dag.py:3954} INFO - Setting next_dagrun for hello_dag to 2025-11-20 00:00:00+00:00, run_after=2025-11-21 00:00:00+00:00
[2025-11-21T20:09:23.672+0000] {processor.py:183} INFO - Processing /opt/airflow/dags/hello_dag.py took 0.075 seconds
[2025-11-21T20:09:53.759+0000] {processor.py:161} INFO - Started process (PID=43) to work on /opt/airflow/dags/hello_dag.py
[2025-11-21T20:09:53.760+0000] {processor.py:830} INFO - Processing file /opt/airflow/dags/hello_dag.py for tasks to queue
[2025-11-21T20:09:53.761+0000] {logging_mixin.py:188} INFO - [2025-11-21T20:09:53.761+0000] {dagbag.py:540} INFO - Filling up the DagBag from /opt/airflow/dags/hello_dag.py
[2025-11-21T20:09:53.770+0000] {processor.py:840} INFO - DAG(s) 'hello_dag' retrieved from /opt/airflow/dags/hello_dag.py
[2025-11-21T20:09:53.788+0000] {logging_mixin.py:188} INFO - [2025-11-21T20:09:53.788+0000] {dag.py:3096} INFO - Sync 1 DAGs
[2025-11-21T20:09:53.804+0000] {logging_mixin.py:188} INFO - [2025-11-21T20:09:53.804+0000] {dag.py:3954} INFO - Setting next_dagrun for hello_dag to 2025-11-20 00:00:00+00:00, run_after=2025-11-21 00:00:00+00:00
[2025-11-21T20:09:53.832+0000] {processor.py:183} INFO - Processing /opt/airflow/dags/hello_dag.py took 0.078 seconds
[2025-11-21T20:10:23.917+0000] {processor.py:161} INFO - Started process (PID=45) to work on /opt/airflow/dags/hello_dag.py
[2025-11-21T20:10:23.917+0000] {processor.py:830} INFO - Processing file /opt/airflow/dags/hello_dag.py for tasks to queue
[2025-11-21T20:10:23.919+0000] {logging_mixin.py:188} INFO - [2025-11-21T20:10:23.918+0000] {dagbag.py:540} INFO - Filling up the DagBag from /opt/airflow/dags/hello_dag.py
[2025-11-21T20:10:23.927+0000] {processor.py:840} INFO - DAG(s) 'hello_dag' retrieved from /opt/airflow/dags/hello_dag.py
[2025-11-21T20:10:23.945+0000] {logging_mixin.py:188} INFO - [2025-11-21T20:10:23.944+0000] {dag.py:3096} INFO - Sync 1 DAGs
[2025-11-21T20:10:23.961+0000] {logging_mixin.py:188} INFO - [2025-11-21T20:10:23.961+0000] {dag.py:3954} INFO - Setting next_dagrun for hello_dag to 2025-11-20 00:00:00+00:00, run_after=2025-11-21 00:00:00+00:00
[2025-11-21T20:10:23.983+0000] {processor.py:183} INFO - Processing /opt/airflow/dags/hello_dag.py took 0.072 seconds
[2025-11-21T20:10:54.082+0000] {processor.py:161} INFO - Started process (PID=47) to work on /opt/airflow/dags/hello_dag.py
[2025-11-21T20:10:54.082+0000] {processor.py:830} INFO - Processing file /opt/airflow/dags/hello_dag.py for tasks to queue
[2025-11-21T20:10:54.084+0000] {logging_mixin.py:188} INFO - [2025-11-21T20:10:54.084+0000] {dagbag.py:540} INFO - Filling up the DagBag from /opt/airflow/dags/hello_dag.py
[2025-11-21T20:10:54.094+0000] {processor.py:840} INFO - DAG(s) 'hello_dag' retrieved from /opt/airflow/dags/hello_dag.py
[2025-11-21T20:10:54.111+0000] {logging_mixin.py:188} INFO - [2025-11-21T20:10:54.111+0000] {dag.py:3096} INFO - Sync 1 DAGs
[2025-11-21T20:10:54.128+0000] {logging_mixin.py:188} INFO - [2025-11-21T20:10:54.128+0000] {dag.py:3954} INFO - Setting next_dagrun for hello_dag to 2025-11-20 00:00:00+00:00, run_after=2025-11-21 00:00:00+00:00
[2025-11-21T20:10:54.151+0000] {processor.py:183} INFO - Processing /opt/airflow/dags/hello_dag.py took 0.074 seconds
[2025-11-21T20:11:24.239+0000] {processor.py:161} INFO - Started process (PID=49) to work on /opt/airflow/dags/hello_dag.py
[2025-11-21T20:11:24.240+0000] {processor.py:830} INFO - Processing file /opt/airflow/dags/hello_dag.py for tasks to queue
[2025-11-21T20:11:24.242+0000] {logging_mixin.py:188} INFO - [2025-11-21T20:11:24.242+0000] {dagbag.py:540} INFO - Filling up the DagBag from /opt/airflow/dags/hello_dag.py
[2025-11-21T20:11:24.251+0000] {processor.py:840} INFO - DAG(s) 'hello_dag' retrieved from /opt/airflow/dags/hello_dag.py
[2025-11-21T20:11:24.268+0000] {logging_mixin.py:188} INFO - [2025-11-21T20:11:24.268+0000] {dag.py:3096} INFO - Sync 1 DAGs
[2025-11-21T20:11:24.284+0000] {logging_mixin.py:188} INFO - [2025-11-21T20:11:24.284+0000] {dag.py:3954} INFO - Setting next_dagrun for hello_dag to 2025-11-20 00:00:00+00:00, run_after=2025-11-21 00:00:00+00:00
[2025-11-21T20:11:24.301+0000] {processor.py:183} INFO - Processing /opt/airflow/dags/hello_dag.py took 0.067 seconds
[2025-11-21T20:11:54.398+0000] {processor.py:161} INFO - Started process (PID=51) to work on /opt/airflow/dags/hello_dag.py
[2025-11-21T20:11:54.399+0000] {processor.py:830} INFO - Processing file /opt/airflow/dags/hello_dag.py for tasks to queue
[2025-11-21T20:11:54.400+0000] {logging_mixin.py:188} INFO - [2025-11-21T20:11:54.400+0000] {dagbag.py:540} INFO - Filling up the DagBag from /opt/airflow/dags/hello_dag.py
[2025-11-21T20:11:54.409+0000] {processor.py:840} INFO - DAG(s) 'hello_dag' retrieved from /opt/airflow/dags/hello_dag.py
[2025-11-21T20:11:54.427+0000] {logging_mixin.py:188} INFO - [2025-11-21T20:11:54.427+0000] {dag.py:3096} INFO - Sync 1 DAGs
[2025-11-21T20:11:54.444+0000] {logging_mixin.py:188} INFO - [2025-11-21T20:11:54.443+0000] {dag.py:3954} INFO - Setting next_dagrun for hello_dag to 2025-11-20 00:00:00+00:00, run_after=2025-11-21 00:00:00+00:00
[2025-11-21T20:11:54.460+0000] {processor.py:183} INFO - Processing /opt/airflow/dags/hello_dag.py took 0.067 seconds
[2025-11-21T20:12:24.555+0000] {processor.py:161} INFO - Started process (PID=53) to work on /opt/airflow/dags/hello_dag.py
[2025-11-21T20:12:24.556+0000] {processor.py:830} INFO - Processing file /opt/airflow/dags/hello_dag.py for tasks to queue
[2025-11-21T20:12:24.558+0000] {logging_mixin.py:188} INFO - [2025-11-21T20:12:24.557+0000] {dagbag.py:540} INFO - Filling up the DagBag from /opt/airflow/dags/hello_dag.py
[2025-11-21T20:12:24.567+0000] {processor.py:840} INFO - DAG(s) 'hello_dag' retrieved from /opt/airflow/dags/hello_dag.py
[2025-11-21T20:12:24.585+0000] {logging_mixin.py:188} INFO - [2025-11-21T20:12:24.585+0000] {dag.py:3096} INFO - Sync 1 DAGs
[2025-11-21T20:12:24.602+0000] {logging_mixin.py:188} INFO - [2025-11-21T20:12:24.601+0000] {dag.py:3954} INFO - Setting next_dagrun for hello_dag to 2025-11-20 00:00:00+00:00, run_after=2025-11-21 00:00:00+00:00
[2025-11-21T20:12:24.619+0000] {processor.py:183} INFO - Processing /opt/airflow/dags/hello_dag.py took 0.068 seconds
[2025-11-21T20:12:54.714+0000] {processor.py:161} INFO - Started process (PID=55) to work on /opt/airflow/dags/hello_dag.py
[2025-11-21T20:12:54.715+0000] {processor.py:830} INFO - Processing file /opt/airflow/dags/hello_dag.py for tasks to queue
[2025-11-21T20:12:54.717+0000] {logging_mixin.py:188} INFO - [2025-11-21T20:12:54.716+0000] {dagbag.py:540} INFO - Filling up the DagBag from /opt/airflow/dags/hello_dag.py
[2025-11-21T20:12:54.725+0000] {processor.py:840} INFO - DAG(s) 'hello_dag' retrieved from /opt/airflow/dags/hello_dag.py
[2025-11-21T20:12:54.743+0000] {logging_mixin.py:188} INFO - [2025-11-21T20:12:54.743+0000] {dag.py:3096} INFO - Sync 1 DAGs
[2025-11-21T20:12:54.760+0000] {logging_mixin.py:188} INFO - [2025-11-21T20:12:54.760+0000] {dag.py:3954} INFO - Setting next_dagrun for hello_dag to 2025-11-20 00:00:00+00:00, run_after=2025-11-21 00:00:00+00:00
[2025-11-21T20:12:54.777+0000] {processor.py:183} INFO - Processing /opt/airflow/dags/hello_dag.py took 0.068 seconds
[2025-11-21T20:13:24.871+0000] {processor.py:161} INFO - Started process (PID=57) to work on /opt/airflow/dags/hello_dag.py
[2025-11-21T20:13:24.872+0000] {processor.py:830} INFO - Processing file /opt/airflow/dags/hello_dag.py for tasks to queue
[2025-11-21T20:13:24.873+0000] {logging_mixin.py:188} INFO - [2025-11-21T20:13:24.873+0000] {dagbag.py:540} INFO - Filling up the DagBag from /opt/airflow/dags/hello_dag.py
[2025-11-21T20:13:24.882+0000] {processor.py:840} INFO - DAG(s) 'hello_dag' retrieved from /opt/airflow/dags/hello_dag.py
[2025-11-21T20:13:24.899+0000] {logging_mixin.py:188} INFO - [2025-11-21T20:13:24.899+0000] {dag.py:3096} INFO - Sync 1 DAGs
[2025-11-21T20:13:24.917+0000] {logging_mixin.py:188} INFO - [2025-11-21T20:13:24.917+0000] {dag.py:3954} INFO - Setting next_dagrun for hello_dag to 2025-11-20 00:00:00+00:00, run_after=2025-11-21 00:00:00+00:00
[2025-11-21T20:13:24.935+0000] {processor.py:183} INFO - Processing /opt/airflow/dags/hello_dag.py took 0.068 seconds
[2025-11-21T20:13:54.986+0000] {processor.py:161} INFO - Started process (PID=59) to work on /opt/airflow/dags/hello_dag.py
[2025-11-21T20:13:54.987+0000] {processor.py:830} INFO - Processing file /opt/airflow/dags/hello_dag.py for tasks to queue
[2025-11-21T20:13:54.989+0000] {logging_mixin.py:188} INFO - [2025-11-21T20:13:54.988+0000] {dagbag.py:540} INFO - Filling up the DagBag from /opt/airflow/dags/hello_dag.py
[2025-11-21T20:13:54.998+0000] {processor.py:840} INFO - DAG(s) 'hello_dag' retrieved from /opt/airflow/dags/hello_dag.py
[2025-11-21T20:13:55.016+0000] {logging_mixin.py:188} INFO - [2025-11-21T20:13:55.016+0000] {dag.py:3096} INFO - Sync 1 DAGs
[2025-11-21T20:13:55.033+0000] {logging_mixin.py:188} INFO - [2025-11-21T20:13:55.033+0000] {dag.py:3954} INFO - Setting next_dagrun for hello_dag to 2025-11-20 00:00:00+00:00, run_after=2025-11-21 00:00:00+00:00
[2025-11-21T20:13:55.056+0000] {processor.py:183} INFO - Processing /opt/airflow/dags/hello_dag.py took 0.074 seconds
[2025-11-21T20:14:25.144+0000] {processor.py:161} INFO - Started process (PID=61) to work on /opt/airflow/dags/hello_dag.py
[2025-11-21T20:14:25.145+0000] {processor.py:830} INFO - Processing file /opt/airflow/dags/hello_dag.py for tasks to queue
[2025-11-21T20:14:25.147+0000] {logging_mixin.py:188} INFO - [2025-11-21T20:14:25.146+0000] {dagbag.py:540} INFO - Filling up the DagBag from /opt/airflow/dags/hello_dag.py
[2025-11-21T20:14:25.159+0000] {processor.py:840} INFO - DAG(s) 'hello_dag' retrieved from /opt/airflow/dags/hello_dag.py
[2025-11-21T20:14:25.185+0000] {logging_mixin.py:188} INFO - [2025-11-21T20:14:25.185+0000] {dag.py:3096} INFO - Sync 1 DAGs
[2025-11-21T20:14:25.211+0000] {logging_mixin.py:188} INFO - [2025-11-21T20:14:25.211+0000] {dag.py:3954} INFO - Setting next_dagrun for hello_dag to 2025-11-20 00:00:00+00:00, run_after=2025-11-21 00:00:00+00:00
[2025-11-21T20:14:25.246+0000] {processor.py:183} INFO - Processing /opt/airflow/dags/hello_dag.py took 0.110 seconds
[2025-11-21T20:14:55.407+0000] {processor.py:161} INFO - Started process (PID=63) to work on /opt/airflow/dags/hello_dag.py
[2025-11-21T20:14:55.408+0000] {processor.py:830} INFO - Processing file /opt/airflow/dags/hello_dag.py for tasks to queue
[2025-11-21T20:14:55.409+0000] {logging_mixin.py:188} INFO - [2025-11-21T20:14:55.409+0000] {dagbag.py:540} INFO - Filling up the DagBag from /opt/airflow/dags/hello_dag.py
[2025-11-21T20:14:55.418+0000] {processor.py:840} INFO - DAG(s) 'hello_dag' retrieved from /opt/airflow/dags/hello_dag.py
[2025-11-21T20:14:55.438+0000] {logging_mixin.py:188} INFO - [2025-11-21T20:14:55.438+0000] {dag.py:3096} INFO - Sync 1 DAGs
[2025-11-21T20:14:55.454+0000] {logging_mixin.py:188} INFO - [2025-11-21T20:14:55.454+0000] {dag.py:3954} INFO - Setting next_dagrun for hello_dag to 2025-11-20 00:00:00+00:00, run_after=2025-11-21 00:00:00+00:00
[2025-11-21T20:14:55.479+0000] {processor.py:183} INFO - Processing /opt/airflow/dags/hello_dag.py took 0.077 seconds
[2025-11-21T20:15:25.566+0000] {processor.py:161} INFO - Started process (PID=65) to work on /opt/airflow/dags/hello_dag.py
[2025-11-21T20:15:25.567+0000] {processor.py:830} INFO - Processing file /opt/airflow/dags/hello_dag.py for tasks to queue
[2025-11-21T20:15:25.568+0000] {logging_mixin.py:188} INFO - [2025-11-21T20:15:25.568+0000] {dagbag.py:540} INFO - Filling up the DagBag from /opt/airflow/dags/hello_dag.py
[2025-11-21T20:15:25.577+0000] {processor.py:840} INFO - DAG(s) 'hello_dag' retrieved from /opt/airflow/dags/hello_dag.py
[2025-11-21T20:15:25.601+0000] {logging_mixin.py:188} INFO - [2025-11-21T20:15:25.601+0000] {dag.py:3096} INFO - Sync 1 DAGs
[2025-11-21T20:15:25.626+0000] {logging_mixin.py:188} INFO - [2025-11-21T20:15:25.626+0000] {dag.py:3954} INFO - Setting next_dagrun for hello_dag to 2025-11-20 00:00:00+00:00, run_after=2025-11-21 00:00:00+00:00
[2025-11-21T20:15:25.678+0000] {processor.py:183} INFO - Processing /opt/airflow/dags/hello_dag.py took 0.117 seconds
[2025-11-21T20:15:55.836+0000] {processor.py:161} INFO - Started process (PID=67) to work on /opt/airflow/dags/hello_dag.py
[2025-11-21T20:15:55.837+0000] {processor.py:830} INFO - Processing file /opt/airflow/dags/hello_dag.py for tasks to queue
[2025-11-21T20:15:55.838+0000] {logging_mixin.py:188} INFO - [2025-11-21T20:15:55.838+0000] {dagbag.py:540} INFO - Filling up the DagBag from /opt/airflow/dags/hello_dag.py
[2025-11-21T20:15:55.847+0000] {processor.py:840} INFO - DAG(s) 'hello_dag' retrieved from /opt/airflow/dags/hello_dag.py
[2025-11-21T20:15:55.864+0000] {logging_mixin.py:188} INFO - [2025-11-21T20:15:55.864+0000] {dag.py:3096} INFO - Sync 1 DAGs
[2025-11-21T20:15:55.881+0000] {logging_mixin.py:188} INFO - [2025-11-21T20:15:55.881+0000] {dag.py:3954} INFO - Setting next_dagrun for hello_dag to 2025-11-20 00:00:00+00:00, run_after=2025-11-21 00:00:00+00:00
[2025-11-21T20:15:55.898+0000] {processor.py:183} INFO - Processing /opt/airflow/dags/hello_dag.py took 0.067 seconds
[2025-11-21T20:16:25.994+0000] {processor.py:161} INFO - Started process (PID=69) to work on /opt/airflow/dags/hello_dag.py
[2025-11-21T20:16:25.995+0000] {processor.py:830} INFO - Processing file /opt/airflow/dags/hello_dag.py for tasks to queue
[2025-11-21T20:16:25.996+0000] {logging_mixin.py:188} INFO - [2025-11-21T20:16:25.996+0000] {dagbag.py:540} INFO - Filling up the DagBag from /opt/airflow/dags/hello_dag.py
[2025-11-21T20:16:26.005+0000] {processor.py:840} INFO - DAG(s) 'hello_dag' retrieved from /opt/airflow/dags/hello_dag.py
[2025-11-21T20:16:26.022+0000] {logging_mixin.py:188} INFO - [2025-11-21T20:16:26.022+0000] {dag.py:3096} INFO - Sync 1 DAGs
[2025-11-21T20:16:26.039+0000] {logging_mixin.py:188} INFO - [2025-11-21T20:16:26.039+0000] {dag.py:3954} INFO - Setting next_dagrun for hello_dag to 2025-11-20 00:00:00+00:00, run_after=2025-11-21 00:00:00+00:00
[2025-11-21T20:16:26.056+0000] {processor.py:183} INFO - Processing /opt/airflow/dags/hello_dag.py took 0.066 seconds
[2025-11-21T20:16:56.152+0000] {processor.py:161} INFO - Started process (PID=71) to work on /opt/airflow/dags/hello_dag.py
[2025-11-21T20:16:56.153+0000] {processor.py:830} INFO - Processing file /opt/airflow/dags/hello_dag.py for tasks to queue
[2025-11-21T20:16:56.154+0000] {logging_mixin.py:188} INFO - [2025-11-21T20:16:56.154+0000] {dagbag.py:540} INFO - Filling up the DagBag from /opt/airflow/dags/hello_dag.py
[2025-11-21T20:16:56.163+0000] {processor.py:840} INFO - DAG(s) 'hello_dag' retrieved from /opt/airflow/dags/hello_dag.py
[2025-11-21T20:16:56.181+0000] {logging_mixin.py:188} INFO - [2025-11-21T20:16:56.181+0000] {dag.py:3096} INFO - Sync 1 DAGs
[2025-11-21T20:16:56.197+0000] {logging_mixin.py:188} INFO - [2025-11-21T20:16:56.197+0000] {dag.py:3954} INFO - Setting next_dagrun for hello_dag to 2025-11-20 00:00:00+00:00, run_after=2025-11-21 00:00:00+00:00
[2025-11-21T20:16:56.213+0000] {processor.py:183} INFO - Processing /opt/airflow/dags/hello_dag.py took 0.066 seconds
[2025-11-21T20:17:26.309+0000] {processor.py:161} INFO - Started process (PID=73) to work on /opt/airflow/dags/hello_dag.py
[2025-11-21T20:17:26.310+0000] {processor.py:830} INFO - Processing file /opt/airflow/dags/hello_dag.py for tasks to queue
[2025-11-21T20:17:26.311+0000] {logging_mixin.py:188} INFO - [2025-11-21T20:17:26.311+0000] {dagbag.py:540} INFO - Filling up the DagBag from /opt/airflow/dags/hello_dag.py
[2025-11-21T20:17:26.320+0000] {processor.py:840} INFO - DAG(s) 'hello_dag' retrieved from /opt/airflow/dags/hello_dag.py
[2025-11-21T20:17:26.341+0000] {logging_mixin.py:188} INFO - [2025-11-21T20:17:26.341+0000] {dag.py:3096} INFO - Sync 1 DAGs
[2025-11-21T20:17:26.369+0000] {logging_mixin.py:188} INFO - [2025-11-21T20:17:26.369+0000] {dag.py:3954} INFO - Setting next_dagrun for hello_dag to 2025-11-20 00:00:00+00:00, run_after=2025-11-21 00:00:00+00:00
[2025-11-21T20:17:26.392+0000] {processor.py:183} INFO - Processing /opt/airflow/dags/hello_dag.py took 0.088 seconds
[2025-11-21T20:17:56.467+0000] {processor.py:161} INFO - Started process (PID=75) to work on /opt/airflow/dags/hello_dag.py
[2025-11-21T20:17:56.467+0000] {processor.py:830} INFO - Processing file /opt/airflow/dags/hello_dag.py for tasks to queue
[2025-11-21T20:17:56.469+0000] {logging_mixin.py:188} INFO - [2025-11-21T20:17:56.468+0000] {dagbag.py:540} INFO - Filling up the DagBag from /opt/airflow/dags/hello_dag.py
[2025-11-21T20:17:56.478+0000] {processor.py:840} INFO - DAG(s) 'hello_dag' retrieved from /opt/airflow/dags/hello_dag.py
[2025-11-21T20:17:56.496+0000] {logging_mixin.py:188} INFO - [2025-11-21T20:17:56.496+0000] {dag.py:3096} INFO - Sync 1 DAGs
[2025-11-21T20:17:56.513+0000] {logging_mixin.py:188} INFO - [2025-11-21T20:17:56.513+0000] {dag.py:3954} INFO - Setting next_dagrun for hello_dag to 2025-11-20 00:00:00+00:00, run_after=2025-11-21 00:00:00+00:00
[2025-11-21T20:17:56.530+0000] {processor.py:183} INFO - Processing /opt/airflow/dags/hello_dag.py took 0.069 seconds
[2025-11-21T20:18:26.625+0000] {processor.py:161} INFO - Started process (PID=77) to work on /opt/airflow/dags/hello_dag.py
[2025-11-21T20:18:26.626+0000] {processor.py:830} INFO - Processing file /opt/airflow/dags/hello_dag.py for tasks to queue
[2025-11-21T20:18:26.628+0000] {logging_mixin.py:188} INFO - [2025-11-21T20:18:26.627+0000] {dagbag.py:540} INFO - Filling up the DagBag from /opt/airflow/dags/hello_dag.py
[2025-11-21T20:18:26.637+0000] {processor.py:840} INFO - DAG(s) 'hello_dag' retrieved from /opt/airflow/dags/hello_dag.py
[2025-11-21T20:18:26.662+0000] {logging_mixin.py:188} INFO - [2025-11-21T20:18:26.662+0000] {dag.py:3096} INFO - Sync 1 DAGs
[2025-11-21T20:18:26.688+0000] {logging_mixin.py:188} INFO - [2025-11-21T20:18:26.687+0000] {dag.py:3954} INFO - Setting next_dagrun for hello_dag to 2025-11-20 00:00:00+00:00, run_after=2025-11-21 00:00:00+00:00
[2025-11-21T20:18:26.704+0000] {processor.py:183} INFO - Processing /opt/airflow/dags/hello_dag.py took 0.083 seconds
[2025-11-21T20:18:56.783+0000] {processor.py:161} INFO - Started process (PID=79) to work on /opt/airflow/dags/hello_dag.py
[2025-11-21T20:18:56.784+0000] {processor.py:830} INFO - Processing file /opt/airflow/dags/hello_dag.py for tasks to queue
[2025-11-21T20:18:56.785+0000] {logging_mixin.py:188} INFO - [2025-11-21T20:18:56.785+0000] {dagbag.py:540} INFO - Filling up the DagBag from /opt/airflow/dags/hello_dag.py
[2025-11-21T20:18:56.795+0000] {processor.py:840} INFO - DAG(s) 'hello_dag' retrieved from /opt/airflow/dags/hello_dag.py
[2025-11-21T20:18:56.812+0000] {logging_mixin.py:188} INFO - [2025-11-21T20:18:56.812+0000] {dag.py:3096} INFO - Sync 1 DAGs
[2025-11-21T20:18:56.829+0000] {logging_mixin.py:188} INFO - [2025-11-21T20:18:56.829+0000] {dag.py:3954} INFO - Setting next_dagrun for hello_dag to 2025-11-20 00:00:00+00:00, run_after=2025-11-21 00:00:00+00:00
[2025-11-21T20:18:56.845+0000] {processor.py:183} INFO - Processing /opt/airflow/dags/hello_dag.py took 0.067 seconds
[2025-11-21T20:19:26.941+0000] {processor.py:161} INFO - Started process (PID=81) to work on /opt/airflow/dags/hello_dag.py
[2025-11-21T20:19:26.942+0000] {processor.py:830} INFO - Processing file /opt/airflow/dags/hello_dag.py for tasks to queue
[2025-11-21T20:19:26.943+0000] {logging_mixin.py:188} INFO - [2025-11-21T20:19:26.943+0000] {dagbag.py:540} INFO - Filling up the DagBag from /opt/airflow/dags/hello_dag.py
[2025-11-21T20:19:26.953+0000] {processor.py:840} INFO - DAG(s) 'hello_dag' retrieved from /opt/airflow/dags/hello_dag.py
[2025-11-21T20:19:26.971+0000] {logging_mixin.py:188} INFO - [2025-11-21T20:19:26.971+0000] {dag.py:3096} INFO - Sync 1 DAGs
[2025-11-21T20:19:26.987+0000] {logging_mixin.py:188} INFO - [2025-11-21T20:19:26.987+0000] {dag.py:3954} INFO - Setting next_dagrun for hello_dag to 2025-11-20 00:00:00+00:00, run_after=2025-11-21 00:00:00+00:00
[2025-11-21T20:19:27.004+0000] {processor.py:183} INFO - Processing /opt/airflow/dags/hello_dag.py took 0.068 seconds
[2025-11-21T20:19:57.107+0000] {processor.py:161} INFO - Started process (PID=83) to work on /opt/airflow/dags/hello_dag.py
[2025-11-21T20:19:57.108+0000] {processor.py:830} INFO - Processing file /opt/airflow/dags/hello_dag.py for tasks to queue
[2025-11-21T20:19:57.109+0000] {logging_mixin.py:188} INFO - [2025-11-21T20:19:57.109+0000] {dagbag.py:540} INFO - Filling up the DagBag from /opt/airflow/dags/hello_dag.py
[2025-11-21T20:19:57.118+0000] {processor.py:840} INFO - DAG(s) 'hello_dag' retrieved from /opt/airflow/dags/hello_dag.py
[2025-11-21T20:19:57.137+0000] {logging_mixin.py:188} INFO - [2025-11-21T20:19:57.137+0000] {dag.py:3096} INFO - Sync 1 DAGs
[2025-11-21T20:19:57.154+0000] {logging_mixin.py:188} INFO - [2025-11-21T20:19:57.154+0000] {dag.py:3954} INFO - Setting next_dagrun for hello_dag to 2025-11-20 00:00:00+00:00, run_after=2025-11-21 00:00:00+00:00
[2025-11-21T20:19:57.171+0000] {processor.py:183} INFO - Processing /opt/airflow/dags/hello_dag.py took 0.069 seconds
[2025-11-21T20:20:27.277+0000] {processor.py:161} INFO - Started process (PID=85) to work on /opt/airflow/dags/hello_dag.py
[2025-11-21T20:20:27.277+0000] {processor.py:830} INFO - Processing file /opt/airflow/dags/hello_dag.py for tasks to queue
[2025-11-21T20:20:27.279+0000] {logging_mixin.py:188} INFO - [2025-11-21T20:20:27.279+0000] {dagbag.py:540} INFO - Filling up the DagBag from /opt/airflow/dags/hello_dag.py
[2025-11-21T20:20:27.288+0000] {processor.py:840} INFO - DAG(s) 'hello_dag' retrieved from /opt/airflow/dags/hello_dag.py
[2025-11-21T20:20:27.306+0000] {logging_mixin.py:188} INFO - [2025-11-21T20:20:27.306+0000] {dag.py:3096} INFO - Sync 1 DAGs
[2025-11-21T20:20:27.323+0000] {logging_mixin.py:188} INFO - [2025-11-21T20:20:27.322+0000] {dag.py:3954} INFO - Setting next_dagrun for hello_dag to 2025-11-20 00:00:00+00:00, run_after=2025-11-21 00:00:00+00:00
[2025-11-21T20:20:27.341+0000] {processor.py:183} INFO - Processing /opt/airflow/dags/hello_dag.py took 0.069 seconds
[2025-11-21T20:20:57.440+0000] {processor.py:161} INFO - Started process (PID=87) to work on /opt/airflow/dags/hello_dag.py
[2025-11-21T20:20:57.441+0000] {processor.py:830} INFO - Processing file /opt/airflow/dags/hello_dag.py for tasks to queue
[2025-11-21T20:20:57.443+0000] {logging_mixin.py:188} INFO - [2025-11-21T20:20:57.442+0000] {dagbag.py:540} INFO - Filling up the DagBag from /opt/airflow/dags/hello_dag.py
[2025-11-21T20:20:57.452+0000] {processor.py:840} INFO - DAG(s) 'hello_dag' retrieved from /opt/airflow/dags/hello_dag.py
[2025-11-21T20:20:57.470+0000] {logging_mixin.py:188} INFO - [2025-11-21T20:20:57.470+0000] {dag.py:3096} INFO - Sync 1 DAGs
[2025-11-21T20:20:57.488+0000] {logging_mixin.py:188} INFO - [2025-11-21T20:20:57.487+0000] {dag.py:3954} INFO - Setting next_dagrun for hello_dag to 2025-11-20 00:00:00+00:00, run_after=2025-11-21 00:00:00+00:00
[2025-11-21T20:20:57.504+0000] {processor.py:183} INFO - Processing /opt/airflow/dags/hello_dag.py took 0.069 seconds
[2025-11-21T20:21:27.632+0000] {processor.py:161} INFO - Started process (PID=89) to work on /opt/airflow/dags/hello_dag.py
[2025-11-21T20:21:27.633+0000] {processor.py:830} INFO - Processing file /opt/airflow/dags/hello_dag.py for tasks to queue
[2025-11-21T20:21:27.639+0000] {logging_mixin.py:188} INFO - [2025-11-21T20:21:27.638+0000] {dagbag.py:540} INFO - Filling up the DagBag from /opt/airflow/dags/hello_dag.py
[2025-11-21T20:21:27.663+0000] {processor.py:840} INFO - DAG(s) 'hello_dag' retrieved from /opt/airflow/dags/hello_dag.py
[2025-11-21T20:21:27.722+0000] {logging_mixin.py:188} INFO - [2025-11-21T20:21:27.721+0000] {dag.py:3096} INFO - Sync 1 DAGs
[2025-11-21T20:21:27.768+0000] {logging_mixin.py:188} INFO - [2025-11-21T20:21:27.768+0000] {dag.py:3954} INFO - Setting next_dagrun for hello_dag to 2025-11-20 00:00:00+00:00, run_after=2025-11-21 00:00:00+00:00
[2025-11-21T20:21:27.856+0000] {processor.py:183} INFO - Processing /opt/airflow/dags/hello_dag.py took 0.240 seconds
