[2025-11-21T19:21:27.222+0000] {manager.py:470} INFO - Processing files using up to 1 processes at a time 
[2025-11-21T19:21:27.222+0000] {manager.py:471} INFO - Process each file at most once every 30 seconds
[2025-11-21T19:21:27.226+0000] {manager.py:472} INFO - Checking for new files in /opt/airflow/dags every 300 seconds
[2025-11-21T19:21:27.226+0000] {manager.py:737} INFO - Searching for files in /opt/airflow/dags
[2025-11-21T19:21:27.227+0000] {manager.py:740} INFO - There are 0 files in /opt/airflow/dags
[2025-11-21T19:26:27.308+0000] {manager.py:737} INFO - Searching for files in /opt/airflow/dags
[2025-11-21T19:26:27.310+0000] {manager.py:740} INFO - There are 0 files in /opt/airflow/dags
[2025-11-21T19:31:27.310+0000] {manager.py:737} INFO - Searching for files in /opt/airflow/dags
[2025-11-21T19:31:27.311+0000] {manager.py:740} INFO - There are 0 files in /opt/airflow/dags
[2025-11-21T19:36:27.601+0000] {manager.py:737} INFO - Searching for files in /opt/airflow/dags
[2025-11-21T19:36:27.601+0000] {manager.py:740} INFO - There are 0 files in /opt/airflow/dags
[2025-11-21T19:41:27.765+0000] {manager.py:737} INFO - Searching for files in /opt/airflow/dags
[2025-11-21T19:41:27.766+0000] {manager.py:740} INFO - There are 1 files in /opt/airflow/dags
[2025-11-21T19:41:30.646+0000] {manager.py:878} INFO - 
================================================================================
DAG File Processing Stats

File Path                                     PID    Runtime      # DAGs    # Errors  Last Runtime    Last Run
--------------------------------------------  -----  ---------  --------  ----------  --------------  -------------------
/opt/airflow/dags/bionicpro_reports_daily.py                           0           1  0.10s           2025-11-21T19:41:27
================================================================================
[2025-11-21T19:42:00.683+0000] {manager.py:878} INFO - 
================================================================================
DAG File Processing Stats

File Path                                     PID    Runtime      # DAGs    # Errors  Last Runtime    Last Run
--------------------------------------------  -----  ---------  --------  ----------  --------------  -------------------
/opt/airflow/dags/bionicpro_reports_daily.py                           0           1  0.11s           2025-11-21T19:41:58
================================================================================
[2025-11-21T19:42:30.827+0000] {manager.py:878} INFO - 
================================================================================
DAG File Processing Stats

File Path                                     PID    Runtime      # DAGs    # Errors  Last Runtime    Last Run
--------------------------------------------  -----  ---------  --------  ----------  --------------  -------------------
/opt/airflow/dags/bionicpro_reports_daily.py                           0           1  0.10s           2025-11-21T19:42:29
================================================================================
[2025-11-21T19:43:00.906+0000] {manager.py:878} INFO - 
================================================================================
DAG File Processing Stats

File Path                                     PID    Runtime      # DAGs    # Errors  Last Runtime    Last Run
--------------------------------------------  -----  ---------  --------  ----------  --------------  -------------------
/opt/airflow/dags/bionicpro_reports_daily.py                           0           1  0.10s           2025-11-21T19:42:59
================================================================================
[2025-11-21T19:43:30.990+0000] {manager.py:878} INFO - 
================================================================================
DAG File Processing Stats

File Path                                     PID    Runtime      # DAGs    # Errors  Last Runtime    Last Run
--------------------------------------------  -----  ---------  --------  ----------  --------------  -------------------
/opt/airflow/dags/bionicpro_reports_daily.py                           0           1  0.10s           2025-11-21T19:43:29
================================================================================
[2025-11-21T19:44:01.076+0000] {manager.py:878} INFO - 
================================================================================
DAG File Processing Stats

File Path                                     PID    Runtime      # DAGs    # Errors  Last Runtime    Last Run
--------------------------------------------  -----  ---------  --------  ----------  --------------  -------------------
/opt/airflow/dags/bionicpro_reports_daily.py                           0           1  0.10s           2025-11-21T19:43:59
================================================================================
[2025-11-21T19:44:31.111+0000] {manager.py:878} INFO - 
================================================================================
DAG File Processing Stats

File Path                                     PID    Runtime      # DAGs    # Errors  Last Runtime    Last Run
--------------------------------------------  -----  ---------  --------  ----------  --------------  -------------------
/opt/airflow/dags/bionicpro_reports_daily.py                           0           1  0.10s           2025-11-21T19:44:30
================================================================================
[2025-11-21T19:45:01.234+0000] {manager.py:878} INFO - 
================================================================================
DAG File Processing Stats

File Path                                     PID    Runtime      # DAGs    # Errors  Last Runtime    Last Run
--------------------------------------------  -----  ---------  --------  ----------  --------------  -------------------
/opt/airflow/dags/bionicpro_reports_daily.py                           0           1  0.10s           2025-11-21T19:45:00
================================================================================
[2025-11-21T19:45:31.330+0000] {manager.py:878} INFO - 
================================================================================
DAG File Processing Stats

File Path                                     PID    Runtime      # DAGs    # Errors  Last Runtime    Last Run
--------------------------------------------  -----  ---------  --------  ----------  --------------  -------------------
/opt/airflow/dags/bionicpro_reports_daily.py                           0           1  0.10s           2025-11-21T19:45:30
================================================================================
[2025-11-21T19:46:01.416+0000] {manager.py:878} INFO - 
================================================================================
DAG File Processing Stats

File Path                                     PID    Runtime      # DAGs    # Errors  Last Runtime    Last Run
--------------------------------------------  -----  ---------  --------  ----------  --------------  -------------------
/opt/airflow/dags/bionicpro_reports_daily.py                           0           1  0.10s           2025-11-21T19:46:00
================================================================================
[2025-11-21T19:46:28.016+0000] {manager.py:737} INFO - Searching for files in /opt/airflow/dags
[2025-11-21T19:46:28.016+0000] {manager.py:740} INFO - There are 1 files in /opt/airflow/dags
[2025-11-21T19:46:31.508+0000] {manager.py:878} INFO - 
================================================================================
DAG File Processing Stats

File Path                                     PID    Runtime      # DAGs    # Errors  Last Runtime    Last Run
--------------------------------------------  -----  ---------  --------  ----------  --------------  -------------------
/opt/airflow/dags/bionicpro_reports_daily.py                           0           1  0.10s           2025-11-21T19:46:30
================================================================================
[2025-11-21T19:47:01.589+0000] {manager.py:878} INFO - 
================================================================================
DAG File Processing Stats

File Path                                     PID    Runtime      # DAGs    # Errors  Last Runtime    Last Run
--------------------------------------------  -----  ---------  --------  ----------  --------------  -------------------
/opt/airflow/dags/bionicpro_reports_daily.py                           0           1  0.10s           2025-11-21T19:47:00
================================================================================
[2025-11-21T19:47:31.696+0000] {manager.py:878} INFO - 
================================================================================
DAG File Processing Stats

File Path                                     PID    Runtime      # DAGs    # Errors  Last Runtime    Last Run
--------------------------------------------  -----  ---------  --------  ----------  --------------  -------------------
/opt/airflow/dags/bionicpro_reports_daily.py                           0           1  0.10s           2025-11-21T19:47:30
================================================================================
[2025-11-21T19:48:01.777+0000] {manager.py:878} INFO - 
================================================================================
DAG File Processing Stats

File Path                                     PID    Runtime      # DAGs    # Errors  Last Runtime    Last Run
--------------------------------------------  -----  ---------  --------  ----------  --------------  -------------------
/opt/airflow/dags/bionicpro_reports_daily.py                           0           1  0.10s           2025-11-21T19:48:01
================================================================================
[2025-11-21T19:48:31.861+0000] {manager.py:878} INFO - 
================================================================================
DAG File Processing Stats

File Path                                     PID    Runtime      # DAGs    # Errors  Last Runtime    Last Run
--------------------------------------------  -----  ---------  --------  ----------  --------------  -------------------
/opt/airflow/dags/bionicpro_reports_daily.py                           0           1  0.10s           2025-11-21T19:48:31
================================================================================
[2025-11-21T19:49:01.947+0000] {manager.py:878} INFO - 
================================================================================
DAG File Processing Stats

File Path                                     PID    Runtime      # DAGs    # Errors  Last Runtime    Last Run
--------------------------------------------  -----  ---------  --------  ----------  --------------  -------------------
/opt/airflow/dags/bionicpro_reports_daily.py                           0           1  0.10s           2025-11-21T19:49:01
================================================================================
[2025-11-21T19:49:32.029+0000] {manager.py:878} INFO - 
================================================================================
DAG File Processing Stats

File Path                                     PID    Runtime      # DAGs    # Errors  Last Runtime    Last Run
--------------------------------------------  -----  ---------  --------  ----------  --------------  -------------------
/opt/airflow/dags/bionicpro_reports_daily.py                           0           1  0.10s           2025-11-21T19:49:31
================================================================================
[2025-11-21T19:50:02.110+0000] {manager.py:878} INFO - 
================================================================================
DAG File Processing Stats

File Path                                     PID    Runtime      # DAGs    # Errors  Last Runtime    Last Run
--------------------------------------------  -----  ---------  --------  ----------  --------------  -------------------
/opt/airflow/dags/bionicpro_reports_daily.py                           0           1  0.10s           2025-11-21T19:50:01
================================================================================
[2025-11-21T19:50:32.195+0000] {manager.py:878} INFO - 
================================================================================
DAG File Processing Stats

File Path                                     PID    Runtime      # DAGs    # Errors  Last Runtime    Last Run
--------------------------------------------  -----  ---------  --------  ----------  --------------  -------------------
/opt/airflow/dags/bionicpro_reports_daily.py                           0           1  0.10s           2025-11-21T19:50:31
================================================================================
[2025-11-21T19:51:02.292+0000] {manager.py:878} INFO - 
================================================================================
DAG File Processing Stats

File Path                                     PID    Runtime      # DAGs    # Errors  Last Runtime    Last Run
--------------------------------------------  -----  ---------  --------  ----------  --------------  -------------------
/opt/airflow/dags/bionicpro_reports_daily.py                           0           1  0.10s           2025-11-21T19:51:02
================================================================================
[2025-11-21T19:51:28.170+0000] {manager.py:737} INFO - Searching for files in /opt/airflow/dags
[2025-11-21T19:51:28.171+0000] {manager.py:740} INFO - There are 1 files in /opt/airflow/dags
[2025-11-21T19:51:32.380+0000] {manager.py:878} INFO - 
================================================================================
DAG File Processing Stats

File Path                                     PID    Runtime      # DAGs    # Errors  Last Runtime    Last Run
--------------------------------------------  -----  ---------  --------  ----------  --------------  -------------------
/opt/airflow/dags/bionicpro_reports_daily.py                           0           1  0.11s           2025-11-21T19:51:32
================================================================================
[2025-11-21T19:52:02.428+0000] {manager.py:878} INFO - 
================================================================================
DAG File Processing Stats

File Path                                     PID    Runtime      # DAGs    # Errors  Last Runtime    Last Run
--------------------------------------------  -----  ---------  --------  ----------  --------------  -------------------
/opt/airflow/dags/bionicpro_reports_daily.py                           0           1  0.10s           2025-11-21T19:52:02
================================================================================
[2025-11-21T19:52:32.597+0000] {manager.py:878} INFO - 
================================================================================
DAG File Processing Stats

File Path                                     PID    Runtime      # DAGs    # Errors  Last Runtime    Last Run
--------------------------------------------  -----  ---------  --------  ----------  --------------  -------------------
/opt/airflow/dags/bionicpro_reports_daily.py                           0           1  0.10s           2025-11-21T19:52:32
================================================================================
[2025-11-21T19:53:02.764+0000] {manager.py:878} INFO - 
================================================================================
DAG File Processing Stats

File Path                                     PID    Runtime      # DAGs    # Errors  Last Runtime    Last Run
--------------------------------------------  -----  ---------  --------  ----------  --------------  -------------------
/opt/airflow/dags/bionicpro_reports_daily.py                           0           1  0.10s           2025-11-21T19:53:02
================================================================================
[2025-11-21T19:53:32.923+0000] {manager.py:878} INFO - 
================================================================================
DAG File Processing Stats

File Path                                     PID    Runtime      # DAGs    # Errors  Last Runtime    Last Run
--------------------------------------------  -----  ---------  --------  ----------  --------------  -------------------
/opt/airflow/dags/bionicpro_reports_daily.py                           0           1  0.10s           2025-11-21T19:53:32
================================================================================
[2025-11-21T19:54:03.081+0000] {manager.py:878} INFO - 
================================================================================
DAG File Processing Stats

File Path                                     PID    Runtime      # DAGs    # Errors  Last Runtime    Last Run
--------------------------------------------  -----  ---------  --------  ----------  --------------  -------------------
/opt/airflow/dags/bionicpro_reports_daily.py                           0           1  0.10s           2025-11-21T19:54:03
================================================================================
